<?xml version="1.0" encoding="utf-8"?><testsuites name="pytest tests"><testsuite name="pytest" errors="0" failures="0" skipped="0" tests="5" time="98.697" timestamp="2026-05-03T09:22:45.421836+03:00" hostname="MOSHEGEL04"><testcase classname="tests.test_login" name="test_login_negative_then_positive[chromium]" time="35.990" /><testcase classname="tests.test_e2e_purchase_flow" name="test_full_purchase_flow_under_budget[chromium]" time="40.002" /><testcase classname="tests.test_search_data_driven" name="test_search_returns_urls_within_budget[chromium-full_results_tshirt]" time="4.612" /><testcase classname="tests.test_search_data_driven" name="test_search_returns_urls_within_budget[chromium-tight_budget_dress]" time="5.611" /><testcase classname="tests.test_search_data_driven" name="test_search_returns_urls_within_budget[chromium-empty_ok_nonsense]" time="9.446" /></testsuite></testsuites>